[main 209f4ba] Save state: Phase E integration complete, 217/217 tests pass, RRF bridge expanded, Rodin dashboard widget & Dragon flight endpoints verified (CCID_1790240463)
 94 files changed, 76537 insertions(+), 246 deletions(-)
 create mode 100644 # To-D0.md
 create mode 100644 # To-D0.py
 create mode 100644 MODIFIED834Phase D Implementation Plan_Blueprint_ Mechanical Reality.rmd
 create mode 100644 ToD0922.md
 create mode 100644 ToDo.md
 create mode 100644 debug_test.py
 create mode 100644 integra_master_todo.md
 create mode 100644 kernel_memory/hoard/raw_shards/CCID_1790228411.json
 create mode 100644 kernel_memory/hoard/raw_shards/CCID_1790228427.json
 create mode 100644 kernel_memory/hoard/raw_shards/CCID_1790228428.json
 create mode 100644 kernel_memory/hoard/raw_shards/CCID_1790228430.json
 create mode 100644 kernel_memory/hoard/raw_shards/CCID_1790228445.json
 create mode 100644 kernel_memory/hoard/raw_shards/CCID_1790228446.json
 create mode 100644 kernel_memory/hoard/raw_shards/CCID_1790228447.json
 create mode 100644 kernel_memory/hoard/raw_shards/CCID_1790228449.json
 create mode 100644 kernel_memory/hoard/raw_shards/CCID_1790228462.json
 create mode 100644 kernel_memory/hoard/raw_shards/CCID_1790228490.json
 create mode 100644 kernel_memory/hoard/raw_shards/CCID_1790228617.json
 create mode 100644 kernel_memory/hoard/raw_shards/CCID_1790228619.json
 create mode 100644 kernel_memory/hoard/raw_shards/CCID_1790228620.json
 create mode 100644 kernel_memory/hoard/raw_shards/CCID_1790228638.json
 create mode 100644 kernel_memory/hoard/raw_shards/CCID_1790228639.json
 create mode 100644 kernel_memory/hoard/raw_shards/CCID_1790228640.json
 create mode 100644 kernel_memory/hoard/raw_shards/CCID_1790228643.json
 create mode 100644 kernel_memory/hoard/raw_shards/CCID_1790228652.json
 create mode 100644 kernel_memory/hoard/raw_shards/CCID_1790228685.json
 create mode 100644 kernel_memory/hoard/raw_shards/CCID_1790237916.json
 create mode 100644 kernel_memory/hoard/raw_shards/CCID_1790238002.json
 create mode 100644 kernel_memory/hoard/raw_shards/CCID_1790238136.json
 create mode 100644 kernel_memory/hoard/raw_shards/CCID_1790238153.json
 create mode 100644 kernel_memory/hoard/raw_shards/CCID_1790238231.json
 create mode 100644 kernel_memory/hoard/raw_shards/CCID_1790238235.json
 create mode 100644 kernel_memory/hoard/raw_shards/CCID_1790238376.json
 create mode 100644 kernel_memory/hoard/raw_shards/CCID_1790238395.json
 create mode 100644 kernel_memory/hoard/raw_shards/CCID_1790238408.json
 create mode 100644 kernel_memory/hoard/raw_shards/CCID_1790238473.json
 create mode 100644 kernel_memory/hoard/raw_shards/CCID_1790238475.json
 create mode 100644 kernel_memory/hoard/raw_shards/CCID_1790238497.json
 create mode 100644 kernel_memory/hoard/raw_shards/CCID_1790238578.json
 create mode 100644 kernel_memory/hoard/raw_shards/CCID_1790238616.json
 create mode 100644 kernel_memory/hoard/raw_shards/CCID_1790238644.json
 create mode 100644 kernel_memory/hoard/raw_shards/CCID_1790238665.json
 create mode 100644 kernel_memory/hoard/raw_shards/CCID_1790238710.json
 create mode 100644 kernel_memory/hoard/raw_shards/CCID_1790238718.json
 create mode 100644 kernel_memory/hoard/raw_shards/CCID_1790238740.json
 create mode 100644 kernel_memory/hoard/raw_shards/CCID_1790238796.json
 create mode 100644 kernel_memory/hoard/raw_shards/CCID_1790238839.json
 create mode 100644 kernel_memory/hoard/raw_shards/CCID_1790238847.json
 create mode 100644 kernel_memory/hoard/raw_shards/CCID_1790238881.json
 create mode 100644 kernel_memory/hoard/raw_shards/CCID_1790238936.json
 create mode 100644 kernel_memory/hoard/raw_shards/CCID_1790238959.json
 create mode 100644 kernel_memory/hoard/raw_shards/CCID_1790239024.json
 create mode 100644 kernel_memory/hoard/raw_shards/CCID_1790239072.json
 create mode 100644 kernel_memory/hoard/raw_shards/CCID_1790239110.json
 create mode 100644 kernel_memory/hoard/raw_shards/CCID_1790239188.json
 create mode 100644 kernel_memory/hoard/raw_shards/CCID_1790239275.json
 create mode 100644 kernel_memory/hoard/raw_shards/CCID_1790239326.json
 create mode 100644 kernel_memory/hoard/raw_shards/CCID_1790239524.json
 create mode 100644 kernel_memory/hoard/raw_shards/CCID_1790239708.json
 create mode 100644 kernel_memory/hoard/raw_shards/CCID_1790240463.json
 create mode 100644 kernel_memory/hoard/raw_shards/CCID_DAILY_PLANET_DP_20260924_003611_bf33b2.json
 create mode 100644 kernel_memory/hoard/raw_shards/CCID_DAILY_PLANET_DP_20260924_003619_65e6ec.json
 create mode 100644 kernel_memory/hoard/raw_shards/CCID_DAILY_PLANET_DP_20260924_004036_bf33b2.json
 create mode 100644 kernel_memory/hoard/raw_shards/CCID_DAILY_PLANET_DP_20260924_004040_65e6ec.json
 create mode 100644 kernel_memory/hoard/raw_shards/CCID_DAILY_PLANET_DP_20260924_004348_bf33b2.json
 create mode 100644 kernel_memory/hoard/raw_shards/CCID_DAILY_PLANET_DP_20260924_004351_65e6ec.json
 create mode 100644 kernel_memory/hoard/raw_shards/CCID_DAILY_PLANET_DP_20260924_032402_bf33b2.json
 create mode 100644 kernel_memory/hoard/raw_shards/CCID_DAILY_PLANET_DP_20260924_032414_65e6ec.json
 create mode 100644 kernel_memory/hoard/raw_shards/CCID_DAILY_PLANET_DP_20260924_032804_bf33b2.json
 create mode 100644 kernel_memory/hoard/raw_shards/CCID_DAILY_PLANET_DP_20260924_032814_65e6ec.json
 create mode 100644 kernel_memory/hoard/raw_shards/CCID_DAILY_PLANET_DP_20260924_033208_bf33b2.json
 create mode 100644 kernel_memory/hoard/raw_shards/CCID_DAILY_PLANET_DP_20260924_033214_65e6ec.json
